2026-08-25 09:00:01 INFO Application started successfully
2026-08-25 09:00:02 INFO Configuration loaded from environment
2026-08-25 09:00:03 INFO Database connection established
2026-08-25 09:00:04 INFO Redis cache connected
2026-08-25 09:00:05 INFO HTTP server listening on port 3000
2026-08-25 09:00:06 INFO Worker threads initialized (count: 4)
2026-08-25 09:01:00 INFO Request processed: GET /api/health (12ms)
2026-08-25 09:01:15 INFO Request processed: GET /api/users (45ms)
2026-08-25 09:01:30 INFO Request processed: POST /api/login (89ms)
2026-08-25 09:02:00 INFO Cache hit ratio: 94%
2026-08-25 09:02:15 INFO Memory usage: 45% (stable)
2026-08-25 09:02:30 INFO CPU usage: 12% (idle)
2026-08-25 09:03:00 INFO Scheduled task completed: cleanup_temp_files
2026-08-25 09:03:15 INFO Database connection pool: 2/10 active
2026-08-25 09:03:30 DEBUG Query executed: SELECT count(*) FROM sessions (2ms)
2026-08-25 09:04:00 INFO Metrics exported successfully
2026-08-25 09:04:15 INFO SSL certificate valid for 89 days
2026-08-25 09:04:30 DEBUG GC cycle completed (freed 32MB, 0.8ms pause)
2026-08-25 09:05:00 INFO Uptime: 5m00s - All systems operational
2026-08-25 09:05:15 INFO Health check passed - status: healthy
